(1) Offset 0x60: Branch or jump instruction to a non-instruction.
(3) Offset 0x52E: Branch or jump instruction to a non-instruction.
(5) Offset 0x5C1: Branch or jump instruction to a non-instruction.
(7) Offset 0xC28: Branch or jump instruction to a non-instruction.
(9) Offset 0xD2D: Branch or jump instruction to a non-instruction.
(11) Offset 0xD47: Branch or jump instruction to a non-instruction.
(13) Offset 0xD52: Branch or jump instruction to a non-instruction.
(15) Offset 0xD6E: Branch or jump instruction to a non-instruction.
(17) Offset 0xDAC: Branch or jump instruction to a non-instruction.
(19) Offset 0xDB6: Branch or jump instruction to a non-instruction.
(21) Offset 0xDC1: Branch or jump instruction to a non-instruction.
(23) Offset 0xE59: Branch or jump instruction to a non-instruction.
(25) Offset 0x1042: Branch or jump instruction to a non-instruction.
(27) Offset 0x10E6: Branch or jump instruction to a non-instruction.
(29) Offset 0x1101: Branch or jump instruction to a non-instruction.
(31) Offset 0x1112: Branch or jump instruction to a non-instruction.
(33) Offset 0x1126: Branch or jump instruction to a non-instruction.
(35) Offset 0x115F: Branch or jump instruction to a non-instruction.
(37) Offset 0x118F: Branch or jump instruction to a non-instruction.
(39) Offset 0x1195: Branch or jump instruction to a non-instruction.
(41) Offset 0x11A2: Branch or jump instruction to a non-instruction.
(43) Offset 0x1220: Branch or jump instruction to a non-instruction.
(45) Offset 0x1227: Branch or jump instruction to a non-instruction.
(47) Offset 0x122E: Branch or jump instruction to a non-instruction.
(49) Offset 0x128A: Branch or jump instruction to a non-instruction.
(51) Offset 0x129C: Branch or jump instruction to a non-instruction.
(53) Offset 0x12C5: Branch or jump instruction to a non-instruction.
(55) Offset 0x12CF: Branch or jump instruction to a non-instruction.
(57) Offset 0x1339: Branch or jump instruction to a non-instruction.
(59) Offset 0x1369: Branch or jump instruction to a non-instruction.
(61) Offset 0x1376: Branch or jump instruction to a non-instruction.
(63) Offset 0x140D: Branch or jump instruction to a non-instruction.
(65) Offset 0x1412: Branch or jump instruction to a non-instruction.
(67) Offset 0x141E: Branch or jump instruction to a non-instruction.
(69) Offset 0x146C: Branch or jump instruction to a non-instruction.
(71) Offset 0x148D: Branch or jump instruction to a non-instruction.
(73) Offset 0x152E: Branch or jump instruction to a non-instruction.
(75) Offset 0x15E8: Branch or jump instruction to a non-instruction.
(77) Offset 0x160A: Branch or jump instruction to a non-instruction.
(79) Offset 0x1610: Branch or jump instruction to a non-instruction.
(81) Offset 0x16B4: Branch or jump instruction to a non-instruction.
(83) Offset 0x1833: Branch or jump instruction to a non-instruction.
(85) Offset 0x1836: Branch or jump instruction to a non-instruction.
(87) Offset 0x183A: Branch or jump instruction to a non-instruction.
(89) Offset 0x183D: Branch or jump instruction to a non-instruction.
(91) Offset 0x1852: Branch or jump instruction to a non-instruction.
(93) Offset 0x187A: Branch or jump instruction to a non-instruction.
(95) Offset 0x1880: Branch or jump instruction to a non-instruction.
(97) Offset 0x1886: Branch or jump instruction to a non-instruction.
(99) Offset 0x1DDD: Branch or jump instruction to a non-instruction.
(101) Offset 0x1E0B: Branch or jump instruction to a non-instruction.
(103) Offset 0x1E12: Branch or jump instruction to a non-instruction.
(105) Offset 0x1E18: Branch or jump instruction to a non-instruction.
(107) Offset 0x1E20: Branch or jump instruction to a non-instruction.
(109) Offset 0x1E3F: Branch or jump instruction to a non-instruction.
(111) Offset 0x1E90: Branch or jump instruction to a non-instruction.
(113) Offset 0x203A: Branch or jump instruction to a non-instruction.
(115) Offset 0x2059: Branch or jump instruction to a non-instruction.
(117) Offset 0x205E: Branch or jump instruction to a non-instruction.
(119) Offset 0x2061: Branch or jump instruction to a non-instruction.
(121) Offset 0x2073: Branch or jump instruction to a non-instruction.
(123) Offset 0x20D7: Branch or jump instruction to a non-instruction.
(125) Offset 0x20DA: Branch or jump instruction to a non-instruction.
(127) Offset 0x20EB: Branch or jump instruction to a non-instruction.
(129) Offset 0x21B9: Branch or jump instruction to a non-instruction.
(131) Offset 0x229B: Branch or jump instruction to a non-instruction.
(133) Offset 0x2358: Branch or jump instruction to a non-instruction.
(135) Offset 0x23F7: Branch or jump instruction to a non-instruction.
(137) Offset 0x23FE: Branch or jump instruction to a non-instruction.
(139) Offset 0x2402: Branch or jump instruction to a non-instruction.
(141) Offset 0x2563: Branch or jump instruction to a non-instruction.
(143) Offset 0x256F: Branch or jump instruction to a non-instruction.
(145) Offset 0x257B: Branch or jump instruction to a non-instruction.
(147) Offset 0x25B9: Branch or jump instruction to a non-instruction.
(149) Offset 0x25D6: Branch or jump instruction to a non-instruction.
(151) Offset 0x25D9: Branch or jump instruction to a non-instruction.
(153) Offset 0x25DC: Branch or jump instruction to a non-instruction.
(155) Offset 0x25F3: Branch or jump instruction to a non-instruction.
(157) Offset 0x2605: Branch or jump instruction to a non-instruction.
(159) Offset 0x260A: Branch or jump instruction to a non-instruction.
(161) Offset 0x2611: Branch or jump instruction to a non-instruction.
(163) Offset 0x261B: Branch or jump instruction to a non-instruction.
(165) Offset 0x2634: Branch or jump instruction to a non-instruction.
(167) Offset 0x2639: Branch or jump instruction to a non-instruction.
(169) Offset 0x266E: Branch or jump instruction to a non-instruction.
(171) Offset 0x268D: Branch or jump instruction to a non-instruction.
(173) Offset 0x2776: Branch or jump instruction to a non-instruction.
(175) Offset 0x277B: Branch or jump instruction to a non-instruction.
(177) Offset 0x2782: Branch or jump instruction to a non-instruction.
(179) Offset 0x28CB: Branch or jump instruction to a non-instruction.
(181) Offset 0x2959: Branch or jump instruction to a non-instruction.
(183) Offset 0x29DE: Branch or jump instruction to a non-instruction.
(185) Offset 0x29EA: Branch or jump instruction to a non-instruction.
(187) Offset 0x29F8: Branch or jump instruction to a non-instruction.
(189) Offset 0x2A43: Branch or jump instruction to a non-instruction.
(191) Offset 0x2A49: Branch or jump instruction to a non-instruction.
(193) Offset 0x2A4E: Branch or jump instruction to a non-instruction.
(195) Offset 0x2AD0: Branch or jump instruction to a non-instruction.
(197) Offset 0x2AF8: Branch or jump instruction to a non-instruction.
(199) Offset 0x2C91: Branch or jump instruction to a non-instruction.
(201) Offset 0x2D54: Branch or jump instruction to a non-instruction.
(203) Offset 0x2D8B: Branch or jump instruction to a non-instruction.
(205) Offset 0x33EC: Branch or jump instruction to a non-instruction.
(207) Offset 0x340B: Branch or jump instruction to a non-instruction.
(209) Offset 0x3413: Branch or jump instruction to a non-instruction.
(211) Offset 0x3419: Branch or jump instruction to a non-instruction.
(213) Offset 0x345D: Branch or jump instruction to a non-instruction.
(215) Offset 0x3466: Branch or jump instruction to a non-instruction.
(217) Offset 0x346F: Branch or jump instruction to a non-instruction.
(219) Offset 0x34AD: Branch or jump instruction to a non-instruction.
(221) Offset 0x34D1: Branch or jump instruction to a non-instruction.
(223) Offset 0x34EE: Branch or jump instruction to a non-instruction.
(225) Offset 0x3512: Branch or jump instruction to a non-instruction.
(227) Offset 0x3548: Branch or jump instruction to a non-instruction.
(229) Offset 0x3565: Branch or jump instruction to a non-instruction.
(231) Offset 0x3575: Branch or jump instruction to a non-instruction.
(233) Offset 0x366C: Branch or jump instruction to a non-instruction.
(235) Offset 0x3673: Branch or jump instruction to a non-instruction.
(237) Offset 0x3692: Branch or jump instruction to a non-instruction.
(239) Offset 0x36AB: Branch or jump instruction to a non-instruction.
(241) Offset 0x36B7: Branch or jump instruction to a non-instruction.
(243) Offset 0x36C2: Branch or jump instruction to a non-instruction.
(245) Offset 0x36C7: Branch or jump instruction to a non-instruction.
(247) Offset 0x36CC: Branch or jump instruction to a non-instruction.
(249) Offset 0x36D3: Branch or jump instruction to a non-instruction.
(251) Offset 0x379E: Bytes marked as operands formatted as Data.
(253) Offset 0x3834: Branch or jump instruction to a non-instruction.
(255) Offset 0x3842: Branch or jump instruction to a non-instruction.
(257) Offset 0x3868: Branch or jump instruction to a non-instruction.
(259) Offset 0x393D: Branch or jump instruction to a non-instruction.
(261) Offset 0x399F: Branch or jump instruction to a non-instruction.
(263) Offset 0x39C9: Branch or jump instruction to a non-instruction.
(265) Offset 0x3A66: Branch or jump instruction to a non-instruction.
(267) Offset 0x3A6B: Branch or jump instruction to a non-instruction.
(269) Offset 0x3B1C: Branch or jump instruction to a non-instruction.
(271) Offset 0x3B29: Branch or jump instruction to a non-instruction.
(273) Offset 0x3C95: Branch or jump instruction to a non-instruction.
(275) Offset 0x3CA0: Branch or jump instruction to a non-instruction.
(277) Offset 0x3CEA: Branch or jump instruction to a non-instruction.
(279) Offset 0x3CEF: Branch or jump instruction to a non-instruction.
(281) Offset 0x8003: Branch or jump instruction to a non-instruction.
(283) Offset 0x808D: Branch or jump instruction to a non-instruction.
(285) Offset 0x80F2: Branch or jump instruction to a non-instruction.
(287) Offset 0x8138: Branch or jump instruction to a non-instruction.
(289) Offset 0x8282: Branch or jump instruction to a non-instruction.
(291) Offset 0x8290: Branch or jump instruction to a non-instruction.
(293) Offset 0x831C: Branch or jump instruction to a non-instruction.
(295) Offset 0x832C: Branch or jump instruction to a non-instruction.
(297) Offset 0x8397: Branch or jump instruction to a non-instruction.
(299) Offset 0x83A2: Branch or jump instruction to a non-instruction.
(301) Offset 0x83A5: Branch or jump instruction to a non-instruction.
(303) Offset 0x83BA: Branch or jump instruction to a non-instruction.
(305) Offset 0x83CB: Branch or jump instruction to a non-instruction.
(307) Offset 0x83D1: Branch or jump instruction to a non-instruction.
(309) Offset 0x8460: Branch or jump instruction to a non-instruction.
(311) Offset 0x8D8B: Branch or jump instruction to a non-instruction.
(313) Offset 0x8DA0: Branch or jump instruction to a non-instruction.
(315) Offset 0x9335: Branch or jump instruction to a non-instruction.
(317) Offset 0x9DC0: Branch or jump instruction to a non-instruction.
(319) Offset 0xA08C: Bytes marked as operands formatted as Data.
(321) Offset 0xA091: Branch or jump instruction to a non-instruction.
(323) Offset 0xA7DC: Branch or jump instruction to a non-instruction.
(325) Offset 0xA825: Branch or jump instruction to a non-instruction.
(327) Offset 0xA836: Branch or jump instruction to a non-instruction.
(329) Offset 0xA855: Branch or jump instruction to a non-instruction.
(331) Offset 0xA85B: Branch or jump instruction to a non-instruction.
(333) Offset 0xA85E: Branch or jump instruction to a non-instruction.
(335) Offset 0xA865: Branch or jump instruction to a non-instruction.
(337) Offset 0xA86A: Branch or jump instruction to a non-instruction.
(339) Offset 0xA898: Branch or jump instruction to a non-instruction.
(341) Offset 0xA89F: Branch or jump instruction to a non-instruction.
(343) Offset 0xA8A4: Branch or jump instruction to a non-instruction.
(345) Offset 0xA8B5: Branch or jump instruction to a non-instruction.
(347) Offset 0xA8BA: Branch or jump instruction to a non-instruction.
(349) Offset 0xA8BD: Branch or jump instruction to a non-instruction.
(351) Offset 0xA8C0: Branch or jump instruction to a non-instruction.
(353) Offset 0xA8C4: Branch or jump instruction to a non-instruction.
(355) Offset 0xA8C7: Branch or jump instruction to a non-instruction.
(357) Offset 0xA8CA: Branch or jump instruction to a non-instruction.
(359) Offset 0xA8D2: Branch or jump instruction to a non-instruction.
(361) Offset 0xA8DD: Branch or jump instruction to a non-instruction.
(363) Offset 0xA8E0: Branch or jump instruction to a non-instruction.
(365) Offset 0xA8EB: Branch or jump instruction to a non-instruction.
(367) Offset 0xA8EE: Branch or jump instruction to a non-instruction.
(369) Offset 0xA8F9: Branch or jump instruction to a non-instruction.
(371) Offset 0xA8FC: Branch or jump instruction to a non-instruction.
(373) Offset 0xA901: Branch or jump instruction to a non-instruction.
(375) Offset 0xA91B: Branch or jump instruction to a non-instruction.
(377) Offset 0xA922: Branch or jump instruction to a non-instruction.
(379) Offset 0xA951: Branch or jump instruction to a non-instruction.
(381) Offset 0xA962: Branch or jump instruction to a non-instruction.
(383) Offset 0xA979: Branch or jump instruction to a non-instruction.
(385) Offset 0xA97E: Branch or jump instruction to a non-instruction.
(387) Offset 0xA984: Branch or jump instruction to a non-instruction.
(389) Offset 0xA989: Branch or jump instruction to a non-instruction.
(391) Offset 0xA98F: Branch or jump instruction to a non-instruction.
(393) Offset 0xA9B0: Branch or jump instruction to a non-instruction.
(395) Offset 0xA9CE: Branch or jump instruction to a non-instruction.
(397) Offset 0xA9D9: Branch or jump instruction to a non-instruction.
(399) Offset 0xA9E2: Branch or jump instruction to a non-instruction.
(401) Offset 0xA9E9: Branch or jump instruction to a non-instruction.
(403) Offset 0xAA11: Branch or jump instruction to a non-instruction.
(405) Offset 0xAA1D: Branch or jump instruction to a non-instruction.
(407) Offset 0xAA40: Branch or jump instruction to a non-instruction.
(409) Offset 0xAA43: Branch or jump instruction to a non-instruction.
(411) Offset 0xAA51: Branch or jump instruction to a non-instruction.
(413) Offset 0xAA54: Branch or jump instruction to a non-instruction.
(415) Offset 0xAA71: Branch or jump instruction to a non-instruction.
(417) Offset 0xAA97: Branch or jump instruction to a non-instruction.
(419) Offset 0xAAA6: Branch or jump instruction to a non-instruction.
(421) Offset 0xAAC9: Branch or jump instruction to a non-instruction.
(423) Offset 0xAACC: Branch or jump instruction to a non-instruction.
(425) Offset 0xAAF1: Branch or jump instruction to a non-instruction.
(427) Offset 0xAAF4: Branch or jump instruction to a non-instruction.
(429) Offset 0xAB13: Branch or jump instruction to a non-instruction.
(431) Offset 0xAB1B: Branch or jump instruction to a non-instruction.
(433) Offset 0xAB1E: Branch or jump instruction to a non-instruction.
(435) Offset 0xAB40: Branch or jump instruction to a non-instruction.
(437) Offset 0xAB43: Branch or jump instruction to a non-instruction.
(439) Offset 0xAB46: Branch or jump instruction to a non-instruction.
(441) Offset 0xAB56: Branch or jump instruction to a non-instruction.
(443) Offset 0xAB6F: Branch or jump instruction to a non-instruction.
(445) Offset 0x1853B: Branch or jump instruction to a non-instruction.
(447) Offset 0x18542: Branch or jump instruction to a non-instruction.
(449) Offset 0x18546: Branch or jump instruction to a non-instruction.
(451) Offset 0x1854C: Branch or jump instruction to a non-instruction.
(453) Offset 0x18553: Branch or jump instruction to a non-instruction.
(455) Offset 0x1862A: Branch or jump instruction to a non-instruction.
(457) Offset 0x18766: Branch or jump instruction to a non-instruction.
(459) Offset 0x18785: Branch or jump instruction to a non-instruction.
(461) Offset 0x1879D: Branch or jump instruction to a non-instruction.
(463) Offset 0x187A3: Branch or jump instruction to a non-instruction.
(465) Offset 0x187A8: Branch or jump instruction to a non-instruction.
(467) Offset 0x502AD: Branch or jump instruction to a non-instruction.
(469) Offset 0x505DF: Bytes marked as operands formatted as Data.
(471) Offset 0x50611: Branch or jump instruction to a non-instruction.
(473) Offset 0x50658: Bytes marked as operands formatted as Data.
(475) Offset 0x5068C: Bytes marked as operands formatted as Data.
(477) Offset 0x506C4: Bytes marked as operands formatted as Data.
(479) Offset 0x5075B: Bytes marked as operands formatted as Data.
(481) Offset 0x507BD: Bytes marked as operands formatted as Data.
(483) Offset 0x508E2: Branch or jump instruction to a non-instruction.
(485) Offset 0x50A20: Branch or jump instruction to a non-instruction.
(487) Offset 0x50A6D: Bytes marked as operands formatted as Data.
(489) Offset 0x50AB6: Bytes marked as operands formatted as Data.
(491) Offset 0x50B02: Branch or jump instruction to a non-instruction.
(493) Offset 0x50B37: Branch or jump instruction to a non-instruction.
(495) Offset 0x50BC4: Branch or jump instruction to a non-instruction.
(497) Offset 0x50C28: Branch or jump instruction to a non-instruction.
(499) Offset 0x50CAA: Branch or jump instruction to a non-instruction.
(501) Offset 0x50CE8: Branch or jump instruction to a non-instruction.
(503) Offset 0x50D03: Branch or jump instruction to a non-instruction.
(505) Offset 0x50D13: Branch or jump instruction to a non-instruction.
(507) Offset 0x50D18: Branch or jump instruction to a non-instruction.
(509) Offset 0x50D4C: Branch or jump instruction to a non-instruction.
(511) Offset 0x50DA1: Branch or jump instruction to a non-instruction.
(513) Offset 0x50DD3: Branch or jump instruction to a non-instruction.
(515) Offset 0x50F0B: Branch or jump instruction to a non-instruction.
(517) Offset 0x50F7F: Branch or jump instruction to a non-instruction.
(519) Offset 0x5106A: Branch or jump instruction to a non-instruction.
(521) Offset 0x51097: Branch or jump instruction to a non-instruction.
(523) Offset 0x510D4: Branch or jump instruction to a non-instruction.
(525) Offset 0x51139: Branch or jump instruction to a non-instruction.
(527) Offset 0x5119A: Branch or jump instruction to a non-instruction.
(529) Offset 0x511BC: Branch or jump instruction to a non-instruction.
(531) Offset 0x5126A: Branch or jump instruction to a non-instruction.
(533) Offset 0x5126C: Branch or jump instruction to a non-instruction.
(535) Offset 0x5126E: Branch or jump instruction to a non-instruction.
(537) Offset 0x51270: Branch or jump instruction to a non-instruction.
(539) Offset 0x51272: Branch or jump instruction to a non-instruction.
(541) Offset 0x530EC: Branch or jump instruction to a non-instruction.
(543) Offset 0x5311D: Bytes marked as operands formatted as Data.
(545) Offset 0x53143: Branch or jump instruction to a non-instruction.
(547) Offset 0x53146: Branch or jump instruction to a non-instruction.
(549) Offset 0x5314C: Branch or jump instruction to a non-instruction.
(551) Offset 0x5315A: Branch or jump instruction to a non-instruction.
(553) Offset 0x53163: Branch or jump instruction to a non-instruction.
(555) Offset 0x53190: Branch or jump instruction to a non-instruction.
(557) Offset 0x531C2: Branch or jump instruction to a non-instruction.
(559) Offset 0x531E5: Branch or jump instruction to a non-instruction.
(561) Offset 0x531F2: Branch or jump instruction to a non-instruction.
(563) Offset 0x53217: Branch or jump instruction to a non-instruction.
(565) Offset 0x53234: Bytes marked as operands formatted as Data.
(567) Offset 0x5326F: Branch or jump instruction to a non-instruction.
(569) Offset 0x532B8: Branch or jump instruction to a non-instruction.
(571) Offset 0x5332B: Branch or jump instruction to a non-instruction.
(573) Offset 0x5332E: Branch or jump instruction to a non-instruction.
(575) Offset 0x53331: Branch or jump instruction to a non-instruction.
(577) Offset 0x53370: Branch or jump instruction to a non-instruction.
(579) Offset 0x533C3: Branch or jump instruction to a non-instruction.
(581) Offset 0x53400: Branch or jump instruction to a non-instruction.
(583) Offset 0x53409: Branch or jump instruction to a non-instruction.
(585) Offset 0x5340E: Branch or jump instruction to a non-instruction.
(587) Offset 0x53427: Branch or jump instruction to a non-instruction.
(589) Offset 0x5342D: Branch or jump instruction to a non-instruction.
(591) Offset 0x5344C: Branch or jump instruction to a non-instruction.
(593) Offset 0x53459: Branch or jump instruction to a non-instruction.
(595) Offset 0x53460: Branch or jump instruction to a non-instruction.
(597) Offset 0x53466: Branch or jump instruction to a non-instruction.
(599) Offset 0x5346F: Branch or jump instruction to a non-instruction.
(601) Offset 0x53484: Branch or jump instruction to a non-instruction.
(603) Offset 0x53493: Branch or jump instruction to a non-instruction.
(605) Offset 0x5349C: Branch or jump instruction to a non-instruction.
(607) Offset 0x534A4: Branch or jump instruction to a non-instruction.
(609) Offset 0x534B7: Branch or jump instruction to a non-instruction.
(611) Offset 0x534BC: Branch or jump instruction to a non-instruction.
(613) Offset 0x534C1: Branch or jump instruction to a non-instruction.
(615) Offset 0x534EE: Branch or jump instruction to a non-instruction.
(617) Offset 0x534FC: Branch or jump instruction to a non-instruction.
(619) Offset 0x53509: Branch or jump instruction to a non-instruction.
(621) Offset 0x53512: Branch or jump instruction to a non-instruction.
(623) Offset 0x53523: Branch or jump instruction to a non-instruction.
(625) Offset 0x53633: Branch or jump instruction to a non-instruction.
(627) Offset 0x536D5: Branch or jump instruction to a non-instruction.
(629) Offset 0x536D8: Branch or jump instruction to a non-instruction.
(631) Offset 0x536E4: Branch or jump instruction to a non-instruction.
(633) Offset 0x536EB: Branch or jump instruction to a non-instruction.
(635) Offset 0x536F3: Branch or jump instruction to a non-instruction.
(637) Offset 0x5372B: Branch or jump instruction to a non-instruction.
(639) Offset 0x53755: Branch or jump instruction to a non-instruction.
(641) Offset 0x5375A: Branch or jump instruction to a non-instruction.
(643) Offset 0x5375F: Branch or jump instruction to a non-instruction.
(645) Offset 0x5379E: Branch or jump instruction to a non-instruction.
(647) Offset 0x537A3: Branch or jump instruction to a non-instruction.
(649) Offset 0x537A8: Branch or jump instruction to a non-instruction.
(651) Offset 0x537C1: Branch or jump instruction to a non-instruction.
(653) Offset 0x537F0: Branch or jump instruction to a non-instruction.
(655) Offset 0x538CA: Branch or jump instruction to a non-instruction.
(657) Offset 0x5396D: Branch or jump instruction to a non-instruction.
(659) Offset 0x53976: Branch or jump instruction to a non-instruction.
(661) Offset 0x5397E: Branch or jump instruction to a non-instruction.
(663) Offset 0x53987: Branch or jump instruction to a non-instruction.
(665) Offset 0x53997: Branch or jump instruction to a non-instruction.
(667) Offset 0x5399E: Branch or jump instruction to a non-instruction.
(669) Offset 0x539B2: Branch or jump instruction to a non-instruction.
(671) Offset 0x539B9: Branch or jump instruction to a non-instruction.
(673) Offset 0x539C0: Branch or jump instruction to a non-instruction.
(675) Offset 0x539C7: Branch or jump instruction to a non-instruction.
(677) Offset 0x539F4: Branch or jump instruction to a non-instruction.
(679) Offset 0x53A01: Branch or jump instruction to a non-instruction.
(681) Offset 0x53A64: Branch or jump instruction to a non-instruction.
(683) Offset 0x58149: Branch or jump instruction to a non-instruction.
(685) Offset 0x58194: Branch or jump instruction to a non-instruction.
(687) Offset 0x58266: Branch or jump instruction to a non-instruction.
(689) Offset 0x58296: Branch or jump instruction to a non-instruction.
(691) Offset 0x583CC: Branch or jump instruction to a non-instruction.
(693) Offset 0x583EC: Branch or jump instruction to a non-instruction.
(695) Offset 0x583EF: Branch or jump instruction to a non-instruction.
(697) Offset 0x583F9: Branch or jump instruction to a non-instruction.
(699) Offset 0x5841A: Branch or jump instruction to a non-instruction.
(701) Offset 0x5843D: Branch or jump instruction to a non-instruction.
(703) Offset 0x584BC: Branch or jump instruction to a non-instruction.
(705) Offset 0x58597: Branch or jump instruction to a non-instruction.
(707) Offset 0x5859C: Branch or jump instruction to a non-instruction.
(709) Offset 0x587CF: Branch or jump instruction to a non-instruction.
(711) Offset 0x58800: Branch or jump instruction to a non-instruction.
(713) Offset 0x58814: Branch or jump instruction to a non-instruction.
(715) Offset 0x58851: Branch or jump instruction to a non-instruction.
(717) Offset 0x5885A: Branch or jump instruction to a non-instruction.
(719) Offset 0x5894F: Branch or jump instruction to a non-instruction.
(721) Offset 0x58990: Branch or jump instruction to a non-instruction.
(723) Offset 0x589D7: Branch or jump instruction to a non-instruction.
(725) Offset 0x58B1F: Branch or jump instruction to a non-instruction.
(727) Offset 0x58B2F: Branch or jump instruction to a non-instruction.
(729) Offset 0x58B6C: Branch or jump instruction to a non-instruction.
(731) Offset 0x58B85: Branch or jump instruction to a non-instruction.
(733) Offset 0x58C22: Branch or jump instruction to a non-instruction.
(735) Offset 0x58C70: Branch or jump instruction to a non-instruction.
(737) Offset 0x58C82: Branch or jump instruction to a non-instruction.
(739) Offset 0x58CFE: Branch or jump instruction to a non-instruction.
(741) Offset 0x58D30: Branch or jump instruction to a non-instruction.
(743) Offset 0x58D45: Branch or jump instruction to a non-instruction.
(745) Offset 0x58D52: Branch or jump instruction to a non-instruction.
(747) Offset 0x58D91: Branch or jump instruction to a non-instruction.
(749) Offset 0x58DFF: Branch or jump instruction to a non-instruction.
(751) Offset 0x58E14: Branch or jump instruction to a non-instruction.
(753) Offset 0x58E57: Branch or jump instruction to a non-instruction.
(755) Offset 0x58F53: Branch or jump instruction to a non-instruction.
(757) Offset 0x58F88: Branch or jump instruction to a non-instruction.
(759) Offset 0x58FA3: Branch or jump instruction to a non-instruction.
(761) Offset 0x58FF9: Branch or jump instruction to a non-instruction.
(763) Offset 0x59009: Branch or jump instruction to a non-instruction.
(765) Offset 0x59015: Branch or jump instruction to a non-instruction.
(767) Offset 0x59083: Branch or jump instruction to a non-instruction.
(769) Offset 0x59247: Branch or jump instruction to a non-instruction.
(771) Offset 0x5924A: Branch or jump instruction to a non-instruction.
(773) Offset 0x59265: Branch or jump instruction to a non-instruction.
(775) Offset 0x59271: Branch or jump instruction to a non-instruction.
(777) Offset 0x59281: Branch or jump instruction to a non-instruction.
(779) Offset 0x5928B: Branch or jump instruction to a non-instruction.
(781) Offset 0x5929D: Branch or jump instruction to a non-instruction.
(783) Offset 0x592A9: Branch or jump instruction to a non-instruction.
(785) Offset 0x592B5: Branch or jump instruction to a non-instruction.
(787) Offset 0x59320: Branch or jump instruction to a non-instruction.
(789) Offset 0x59330: Branch or jump instruction to a non-instruction.
(791) Offset 0x59344: Branch or jump instruction to a non-instruction.
(793) Offset 0x5935E: Branch or jump instruction to a non-instruction.
(795) Offset 0x594A2: Branch or jump instruction to a non-instruction.
(797) Offset 0x594AC: Branch or jump instruction to a non-instruction.
(799) Offset 0x594E5: Branch or jump instruction to a non-instruction.
(801) Offset 0x59503: Branch or jump instruction to a non-instruction.
(803) Offset 0x5951B: Branch or jump instruction to a non-instruction.
(805) Offset 0x5952E: Branch or jump instruction to a non-instruction.
(807) Offset 0x59651: Branch or jump instruction to a non-instruction.
(809) Offset 0x596A0: Branch or jump instruction to a non-instruction.
(811) Offset 0x5979C: Branch or jump instruction to a non-instruction.
(813) Offset 0x599A8: Branch or jump instruction to a non-instruction.
(815) Offset 0x59A2D: Branch or jump instruction to a non-instruction.
(817) Offset 0x59A54: Branch or jump instruction to a non-instruction.
(819) Offset 0x59B05: Branch or jump instruction to a non-instruction.
(821) Offset 0x59BB1: Branch or jump instruction to a non-instruction.
(823) Offset 0x59D11: Bytes marked as operands formatted as Data.
(825) Offset 0x59E00: Branch or jump instruction to a non-instruction.
(827) Offset 0x59E11: Branch or jump instruction to a non-instruction.
(829) Offset 0x59E26: Branch or jump instruction to a non-instruction.
(831) Offset 0x59E63: Branch or jump instruction to a non-instruction.
(833) Offset 0x59F28: Branch or jump instruction to a non-instruction.
(835) Offset 0x59F32: Branch or jump instruction to a non-instruction.
(837) Offset 0x59F5C: Branch or jump instruction to a non-instruction.
(839) Offset 0x59F66: Branch or jump instruction to a non-instruction.
(841) Offset 0x5A05F: Branch or jump instruction to a non-instruction.
(843) Offset 0x5A07E: Branch or jump instruction to a non-instruction.
(845) Offset 0x5A0C6: Branch or jump instruction to a non-instruction.
(847) Offset 0x5A0D8: Branch or jump instruction to a non-instruction.
(849) Offset 0x5A102: Branch or jump instruction to a non-instruction.
(851) Offset 0x5A18B: Branch or jump instruction to a non-instruction.
(853) Offset 0x5A1AB: Branch or jump instruction to a non-instruction.
(855) Offset 0x5A1B7: Branch or jump instruction to a non-instruction.
(857) Offset 0x5A1C9: Branch or jump instruction to a non-instruction.
(859) Offset 0x5A1F1: Branch or jump instruction to a non-instruction.
(861) Offset 0x5A209: Branch or jump instruction to a non-instruction.
(863) Offset 0x5A225: Branch or jump instruction to a non-instruction.
(865) Offset 0x5A22D: Branch or jump instruction to a non-instruction.
(867) Offset 0x5A23A: Branch or jump instruction to a non-instruction.
(869) Offset 0x5A244: Branch or jump instruction to a non-instruction.
(871) Offset 0x5A27B: Branch or jump instruction to a non-instruction.
(873) Offset 0x5A2E4: Branch or jump instruction to a non-instruction.
(875) Offset 0x5A30E: Branch or jump instruction to a non-instruction.
(877) Offset 0x5A31E: Branch or jump instruction to a non-instruction.
(879) Offset 0x5A32C: Branch or jump instruction to a non-instruction.
(881) Offset 0x5A33A: Branch or jump instruction to a non-instruction.
(883) Offset 0x5A348: Branch or jump instruction to a non-instruction.
(885) Offset 0x5B1B5: Branch or jump instruction to a non-instruction.
(887) Offset 0x5B1C9: Bytes marked as operands formatted as Data.
(889) Offset 0x5B24A: Branch or jump instruction to a non-instruction.
(891) Offset 0x5B392: Branch or jump instruction to a non-instruction.
(893) Offset 0x5B398: Branch or jump instruction to a non-instruction.
(895) Offset 0x5B45D: Branch or jump instruction to a non-instruction.
(897) Offset 0x5B507: Branch or jump instruction to a non-instruction.
(899) Offset 0x5B520: Branch or jump instruction to a non-instruction.
(901) Offset 0x5B576: Branch or jump instruction to a non-instruction.
(903) Offset 0x5B5AB: Branch or jump instruction to a non-instruction.
(905) Offset 0x5BCFD: Branch or jump instruction to a non-instruction.
(907) Offset 0x5BD31: Branch or jump instruction to a non-instruction.
(909) Offset 0x60003: Branch or jump instruction to a non-instruction.
(911) Offset 0x60019: Branch or jump instruction to a non-instruction.
(913) Offset 0x60131: Branch or jump instruction to a non-instruction.
(915) Offset 0x60139: Branch or jump instruction to a non-instruction.
(917) Offset 0x60151: Branch or jump instruction to a non-instruction.
(919) Offset 0x602B8: Branch or jump instruction to a non-instruction.
(921) Offset 0x607E7: Branch or jump instruction to a non-instruction.
(923) Offset 0x607EF: Branch or jump instruction to a non-instruction.
(925) Offset 0x607F5: Branch or jump instruction to a non-instruction.
(927) Offset 0x607FB: Branch or jump instruction to a non-instruction.
(929) Offset 0x60801: Branch or jump instruction to a non-instruction.
(931) Offset 0x60809: Branch or jump instruction to a non-instruction.
(933) Offset 0x680B2: Branch or jump instruction to a non-instruction.
(935) Offset 0x6B7C3: Branch or jump instruction to a non-instruction.
(937) Offset 0x6B7D4: Branch or jump instruction to a non-instruction.
(939) Offset 0x6B7D8: Branch or jump instruction to a non-instruction.
(941) Offset 0x6B98A: Branch or jump instruction to a non-instruction.
(943) Offset 0x6B996: Branch or jump instruction to a non-instruction.
(945) Offset 0x6B99B: Branch or jump instruction to a non-instruction.
(947) Offset 0x6BDD3: Branch or jump instruction to a non-instruction.
(949) Offset 0x6BDD9: Branch or jump instruction to a non-instruction.
(951) Offset 0x70158: Branch or jump instruction to a non-instruction.
(953) Offset 0x701D7: Branch or jump instruction to a non-instruction.
(955) Offset 0x70202: Branch or jump instruction to a non-instruction.
(957) Offset 0x70211: Branch or jump instruction to a non-instruction.
(959) Offset 0x7035A: Branch or jump instruction to a non-instruction.
(961) Offset 0x70363: Branch or jump instruction to a non-instruction.
(963) Offset 0x703B2: Branch or jump instruction to a non-instruction.
(965) Offset 0x703D6: Branch or jump instruction to a non-instruction.
(967) Offset 0x703E6: Branch or jump instruction to a non-instruction.
(969) Offset 0x7043E: Branch or jump instruction to a non-instruction.
(971) Offset 0x70465: Branch or jump instruction to a non-instruction.
(973) Offset 0x704E4: Branch or jump instruction to a non-instruction.
(975) Offset 0x704ED: Branch or jump instruction to a non-instruction.
(977) Offset 0x704F4: Branch or jump instruction to a non-instruction.
(979) Offset 0x7056E: Branch or jump instruction to a non-instruction.
(981) Offset 0x705C5: Branch or jump instruction to a non-instruction.
(983) Offset 0x705C9: Branch or jump instruction to a non-instruction.
(985) Offset 0x70A33: Branch or jump instruction to a non-instruction.
(987) Offset 0x70A56: Branch or jump instruction to a non-instruction.
(989) Offset 0x70AE2: Branch or jump instruction to a non-instruction.
(991) Offset 0x70B0C: Branch or jump instruction to a non-instruction.
(993) Offset 0x70B0F: Branch or jump instruction to a non-instruction.
(995) Offset 0x70B9E: Branch or jump instruction to a non-instruction.
(997) Offset 0x70BA1: Branch or jump instruction to a non-instruction.
(999) Offset 0x70BD5: Branch or jump instruction to a non-instruction.
(1001) Offset 0x70C0D: Branch or jump instruction to a non-instruction.
(1003) Offset 0x70C5A: Branch or jump instruction to a non-instruction.
(1005) Offset 0x70D31: Branch or jump instruction to a non-instruction.
(1007) Offset 0x70D70: Branch or jump instruction to a non-instruction.
(1009) Offset 0x70D78: Branch or jump instruction to a non-instruction.
(1011) Offset 0x70E89: Branch or jump instruction to a non-instruction.
(1013) Offset 0x70E8F: Branch or jump instruction to a non-instruction.
(1015) Offset 0x70E93: Branch or jump instruction to a non-instruction.
(1017) Offset 0x70E98: Branch or jump instruction to a non-instruction.
(1019) Offset 0x70EA1: Branch or jump instruction to a non-instruction.
(1021) Offset 0x71038: Branch or jump instruction to a non-instruction.
(1023) Offset 0x7103B: Branch or jump instruction to a non-instruction.
(1025) Offset 0x71162: Branch or jump instruction to a non-instruction.
(1027) Offset 0x71173: Branch or jump instruction to a non-instruction.
(1029) Offset 0x71195: Branch or jump instruction to a non-instruction.
(1031) Offset 0x7119C: Branch or jump instruction to a non-instruction.
(1033) Offset 0x7137E: Branch or jump instruction to a non-instruction.
(1035) Offset 0x713B9: Branch or jump instruction to a non-instruction.
(1037) Offset 0x725B1: Branch or jump instruction to a non-instruction.
(1039) Offset 0x7266A: Branch or jump instruction to a non-instruction.
(1041) Offset 0x7E073: Branch or jump instruction to a non-instruction.
(1043) Offset 0x7E0A0: Branch or jump instruction to a non-instruction.
(1045) Offset 0x7E0A3: Branch or jump instruction to a non-instruction.
(1047) Offset 0x7E0A6: Branch or jump instruction to a non-instruction.
(1049) Offset 0x7E0AE: Branch or jump instruction to a non-instruction.
(1051) Offset 0x7E0D9: Branch or jump instruction to a non-instruction.
(1053) Offset 0x7E19E: Branch or jump instruction to a non-instruction.
(1055) Offset 0x7E234: Branch or jump instruction to a non-instruction.
(1057) Offset 0x7E2F4: Branch or jump instruction to a non-instruction.
(1059) Offset 0x7EC34: Branch or jump instruction to a non-instruction.
(1061) Offset 0x7EC38: Branch or jump instruction to a non-instruction.
(1063) Offset 0x7EC3B: Branch or jump instruction to a non-instruction.
(1065) Offset 0x7ECE3: Branch or jump instruction to a non-instruction.
(1067) Offset 0x7ECF0: Branch or jump instruction to a non-instruction.
